<?xml version="1.0" encoding="UTF-8"?>
<testsuites name="jest tests" tests="7" failures="0" errors="0" time="11.21">
  <testsuite name="button" errors="0" failures="0" skipped="0" timestamp="2021-07-31T09:52:09" time="5.023" tests="1">
    <testcase classname="button 是div" name="button 是div" time="0.001">
    </testcase>
  </testsuite>
  <testsuite name="classes" errors="0" failures="0" skipped="0" timestamp="2021-07-31T09:52:09" time="5.32" tests="4">
    <testcase classname="classes 接受一个参数" name="classes 接受一个参数" time="0.006">
    </testcase>
    <testcase classname="classes 接受两个参数" name="classes 接受两个参数" time="0">
    </testcase>
    <testcase classname="classes 接受三个参数" name="classes 接受三个参数" time="0.001">
    </testcase>
    <testcase classname="classes 接受有undefined的参数" name="classes 接受有undefined的参数" time="0">
    </testcase>
  </testsuite>
  <testsuite name="icon" errors="0" failures="0" skipped="0" timestamp="2021-07-31T09:52:09" time="5.702" tests="2">
    <testcase classname="icon render successfully" name="icon render successfully" time="0.016">
    </testcase>
    <testcase classname="icon onClick" name="icon onClick" time="0.069">
    </testcase>
  </testsuite>
</testsuites>